[hf5class] arm=strict-local loaded 418/432 tensors (44,874,294 params, coverage 99.99% of 44,879,684); dropped 14 source tensors; new params 5,390
====================================================================================================
[optim audit] trainable tensors=387 (44,571,038 params), frozen tensors=45 (308,646 params), base lr=0.00025 wd=0.000125
  group[0] lr=1.250e-05 wd=1.250e-04 tensors=  152 params=  27,248,772  pattern=^(?=.*backbone)(?!.*norm|bn).*$
      backbone.encoder.layers.1.blocks.0.attention.self.logit_scale
      backbone.encoder.layers.1.blocks.0.attention.self.continuous_position_bias_mlp.0.weight
      backbone.encoder.layers.1.blocks.0.attention.self.continuous_position_bias_mlp.0.bias
      backbone.encoder.layers.1.blocks.0.attention.self.continuous_position_bias_mlp.2.weight
      backbone.encoder.layers.1.blocks.0.attention.self.query.weight
      backbone.encoder.layers.1.blocks.0.attention.self.query.bias
      backbone.encoder.layers.1.blocks.0.attention.self.key.weight
      backbone.encoder.layers.1.blocks.0.attention.self.value.weight
      backbone.encoder.layers.1.blocks.0.attention.self.value.bias
      backbone.encoder.layers.1.blocks.0.attention.output.dense.weight
      backbone.encoder.layers.1.blocks.0.attention.output.dense.bias
      backbone.encoder.layers.1.blocks.0.intermediate.dense.weight
      backbone.encoder.layers.1.blocks.0.intermediate.dense.bias
      backbone.encoder.layers.1.blocks.0.output.dense.weight
      backbone.encoder.layers.1.blocks.0.output.dense.bias
      backbone.encoder.layers.1.blocks.1.attention.self.logit_scale
      backbone.encoder.layers.1.blocks.1.attention.self.continuous_position_bias_mlp.0.weight
      backbone.encoder.layers.1.blocks.1.attention.self.continuous_position_bias_mlp.0.bias
      backbone.encoder.layers.1.blocks.1.attention.self.continuous_position_bias_mlp.2.weight
      backbone.encoder.layers.1.blocks.1.attention.self.query.weight
      backbone.encoder.layers.1.blocks.1.attention.self.query.bias
      backbone.encoder.layers.1.blocks.1.attention.self.key.weight
      backbone.encoder.layers.1.blocks.1.attention.self.value.weight
      backbone.encoder.layers.1.blocks.1.attention.self.value.bias
      backbone.encoder.layers.1.blocks.1.attention.output.dense.weight
      backbone.encoder.layers.1.blocks.1.attention.output.dense.bias
      backbone.encoder.layers.1.blocks.1.intermediate.dense.weight
      backbone.encoder.layers.1.blocks.1.intermediate.dense.bias
      backbone.encoder.layers.1.blocks.1.output.dense.weight
      backbone.encoder.layers.1.blocks.1.output.dense.bias
      backbone.encoder.layers.1.downsample.reduction.weight
      backbone.encoder.layers.2.blocks.0.attention.self.logit_scale
      backbone.encoder.layers.2.blocks.0.attention.self.continuous_position_bias_mlp.0.weight
      backbone.encoder.layers.2.blocks.0.attention.self.continuous_position_bias_mlp.0.bias
      backbone.encoder.layers.2.blocks.0.attention.self.continuous_position_bias_mlp.2.weight
      backbone.encoder.layers.2.blocks.0.attention.self.query.weight
      backbone.encoder.layers.2.blocks.0.attention.self.query.bias
      backbone.encoder.layers.2.blocks.0.attention.self.key.weight
      backbone.encoder.layers.2.blocks.0.attention.self.value.weight
      backbone.encoder.layers.2.blocks.0.attention.self.value.bias
      backbone.encoder.layers.2.blocks.0.attention.output.dense.weight
      backbone.encoder.layers.2.blocks.0.attention.output.dense.bias
      backbone.encoder.layers.2.blocks.0.intermediate.dense.weight
      backbone.encoder.layers.2.blocks.0.intermediate.dense.bias
      backbone.encoder.layers.2.blocks.0.output.dense.weight
      backbone.encoder.layers.2.blocks.0.output.dense.bias
      backbone.encoder.layers.2.blocks.1.attention.self.logit_scale
      backbone.encoder.layers.2.blocks.1.attention.self.continuous_position_bias_mlp.0.weight
      backbone.encoder.layers.2.blocks.1.attention.self.continuous_position_bias_mlp.0.bias
      backbone.encoder.layers.2.blocks.1.attention.self.continuous_position_bias_mlp.2.weight
      backbone.encoder.layers.2.blocks.1.attention.self.query.weight
      backbone.encoder.layers.2.blocks.1.attention.self.query.bias
      backbone.encoder.layers.2.blocks.1.attention.self.key.weight
      backbone.encoder.layers.2.blocks.1.attention.self.value.weight
      backbone.encoder.layers.2.blocks.1.attention.self.value.bias
      backbone.encoder.layers.2.blocks.1.attention.output.dense.weight
      backbone.encoder.layers.2.blocks.1.attention.output.dense.bias
      backbone.encoder.layers.2.blocks.1.intermediate.dense.weight
      backbone.encoder.layers.2.blocks.1.intermediate.dense.bias
      backbone.encoder.layers.2.blocks.1.output.dense.weight
      backbone.encoder.layers.2.blocks.1.output.dense.bias
      backbone.encoder.layers.2.blocks.2.attention.self.logit_scale
      backbone.encoder.layers.2.blocks.2.attention.self.continuous_position_bias_mlp.0.weight
      backbone.encoder.layers.2.blocks.2.attention.self.continuous_position_bias_mlp.0.bias
      backbone.encoder.layers.2.blocks.2.attention.self.continuous_position_bias_mlp.2.weight
      backbone.encoder.layers.2.blocks.2.attention.self.query.weight
      backbone.encoder.layers.2.blocks.2.attention.self.query.bias
      backbone.encoder.layers.2.blocks.2.attention.self.key.weight
      backbone.encoder.layers.2.blocks.2.attention.self.value.weight
      backbone.encoder.layers.2.blocks.2.attention.self.value.bias
      backbone.encoder.layers.2.blocks.2.attention.output.dense.weight
      backbone.encoder.layers.2.blocks.2.attention.output.dense.bias
      backbone.encoder.layers.2.blocks.2.intermediate.dense.weight
      backbone.encoder.layers.2.blocks.2.intermediate.dense.bias
      backbone.encoder.layers.2.blocks.2.output.dense.weight
      backbone.encoder.layers.2.blocks.2.output.dense.bias
      backbone.encoder.layers.2.blocks.3.attention.self.logit_scale
      backbone.encoder.layers.2.blocks.3.attention.self.continuous_position_bias_mlp.0.weight
      backbone.encoder.layers.2.blocks.3.attention.self.continuous_position_bias_mlp.0.bias
      backbone.encoder.layers.2.blocks.3.attention.self.continuous_position_bias_mlp.2.weight
      backbone.encoder.layers.2.blocks.3.attention.self.query.weight
      backbone.encoder.layers.2.blocks.3.attention.self.query.bias
      backbone.encoder.layers.2.blocks.3.attention.self.key.weight
      backbone.encoder.layers.2.blocks.3.attention.self.value.weight
      backbone.encoder.layers.2.blocks.3.attention.self.value.bias
      backbone.encoder.layers.2.blocks.3.attention.output.dense.weight
      backbone.encoder.layers.2.blocks.3.attention.output.dense.bias
      backbone.encoder.layers.2.blocks.3.intermediate.dense.weight
      backbone.encoder.layers.2.blocks.3.intermediate.dense.bias
      backbone.encoder.layers.2.blocks.3.output.dense.weight
      backbone.encoder.layers.2.blocks.3.output.dense.bias
      backbone.encoder.layers.2.blocks.4.attention.self.logit_scale
      backbone.encoder.layers.2.blocks.4.attention.self.continuous_position_bias_mlp.0.weight
      backbone.encoder.layers.2.blocks.4.attention.self.continuous_position_bias_mlp.0.bias
      backbone.encoder.layers.2.blocks.4.attention.self.continuous_position_bias_mlp.2.weight
      backbone.encoder.layers.2.blocks.4.attention.self.query.weight
      backbone.encoder.layers.2.blocks.4.attention.self.query.bias
      backbone.encoder.layers.2.blocks.4.attention.self.key.weight
      backbone.encoder.layers.2.blocks.4.attention.self.value.weight
      backbone.encoder.layers.2.blocks.4.attention.self.value.bias
      backbone.encoder.layers.2.blocks.4.attention.output.dense.weight
      backbone.encoder.layers.2.blocks.4.attention.output.dense.bias
      backbone.encoder.layers.2.blocks.4.intermediate.dense.weight
      backbone.encoder.layers.2.blocks.4.intermediate.dense.bias
      backbone.encoder.layers.2.blocks.4.output.dense.weight
      backbone.encoder.layers.2.blocks.4.output.dense.bias
      backbone.encoder.layers.2.blocks.5.attention.self.logit_scale
      backbone.encoder.layers.2.blocks.5.attention.self.continuous_position_bias_mlp.0.weight
      backbone.encoder.layers.2.blocks.5.attention.self.continuous_position_bias_mlp.0.bias
      backbone.encoder.layers.2.blocks.5.attention.self.continuous_position_bias_mlp.2.weight
      backbone.encoder.layers.2.blocks.5.attention.self.query.weight
      backbone.encoder.layers.2.blocks.5.attention.self.query.bias
      backbone.encoder.layers.2.blocks.5.attention.self.key.weight
      backbone.encoder.layers.2.blocks.5.attention.self.value.weight
      backbone.encoder.layers.2.blocks.5.attention.self.value.bias
      backbone.encoder.layers.2.blocks.5.attention.output.dense.weight
      backbone.encoder.layers.2.blocks.5.attention.output.dense.bias
      backbone.encoder.layers.2.blocks.5.intermediate.dense.weight
      backbone.encoder.layers.2.blocks.5.intermediate.dense.bias
      backbone.encoder.layers.2.blocks.5.output.dense.weight
      backbone.encoder.layers.2.blocks.5.output.dense.bias
      backbone.encoder.layers.2.downsample.reduction.weight
      backbone.encoder.layers.3.blocks.0.attention.self.logit_scale
      backbone.encoder.layers.3.blocks.0.attention.self.continuous_position_bias_mlp.0.weight
      backbone.encoder.layers.3.blocks.0.attention.self.continuous_position_bias_mlp.0.bias
      backbone.encoder.layers.3.blocks.0.attention.self.continuous_position_bias_mlp.2.weight
      backbone.encoder.layers.3.blocks.0.attention.self.query.weight
      backbone.encoder.layers.3.blocks.0.attention.self.query.bias
      backbone.encoder.layers.3.blocks.0.attention.self.key.weight
      backbone.encoder.layers.3.blocks.0.attention.self.value.weight
      backbone.encoder.layers.3.blocks.0.attention.self.value.bias
      backbone.encoder.layers.3.blocks.0.attention.output.dense.weight
      backbone.encoder.layers.3.blocks.0.attention.output.dense.bias
      backbone.encoder.layers.3.blocks.0.intermediate.dense.weight
      backbone.encoder.layers.3.blocks.0.intermediate.dense.bias
      backbone.encoder.layers.3.blocks.0.output.dense.weight
      backbone.encoder.layers.3.blocks.0.output.dense.bias
      backbone.encoder.layers.3.blocks.1.attention.self.logit_scale
      backbone.encoder.layers.3.blocks.1.attention.self.continuous_position_bias_mlp.0.weight
      backbone.encoder.layers.3.blocks.1.attention.self.continuous_position_bias_mlp.0.bias
      backbone.encoder.layers.3.blocks.1.attention.self.continuous_position_bias_mlp.2.weight
      backbone.encoder.layers.3.blocks.1.attention.self.query.weight
      backbone.encoder.layers.3.blocks.1.attention.self.query.bias
      backbone.encoder.layers.3.blocks.1.attention.self.key.weight
      backbone.encoder.layers.3.blocks.1.attention.self.value.weight
      backbone.encoder.layers.3.blocks.1.attention.self.value.bias
      backbone.encoder.layers.3.blocks.1.attention.output.dense.weight
      backbone.encoder.layers.3.blocks.1.attention.output.dense.bias
      backbone.encoder.layers.3.blocks.1.intermediate.dense.weight
      backbone.encoder.layers.3.blocks.1.intermediate.dense.bias
      backbone.encoder.layers.3.blocks.1.output.dense.weight
      backbone.encoder.layers.3.blocks.1.output.dense.bias
  group[1] lr=1.250e-05 wd=0.000e+00 tensors=   44 params=      19,200  pattern=^(?=.*backbone)(?=.*norm).*$
      backbone.encoder.layers.1.blocks.0.layernorm_before.weight
      backbone.encoder.layers.1.blocks.0.layernorm_before.bias
      backbone.encoder.layers.1.blocks.0.layernorm_after.weight
      backbone.encoder.layers.1.blocks.0.layernorm_after.bias
      backbone.encoder.layers.1.blocks.1.layernorm_before.weight
      backbone.encoder.layers.1.blocks.1.layernorm_before.bias
      backbone.encoder.layers.1.blocks.1.layernorm_after.weight
      backbone.encoder.layers.1.blocks.1.layernorm_after.bias
      backbone.encoder.layers.1.downsample.norm.weight
      backbone.encoder.layers.1.downsample.norm.bias
      backbone.encoder.layers.2.blocks.0.layernorm_before.weight
      backbone.encoder.layers.2.blocks.0.layernorm_before.bias
      backbone.encoder.layers.2.blocks.0.layernorm_after.weight
      backbone.encoder.layers.2.blocks.0.layernorm_after.bias
      backbone.encoder.layers.2.blocks.1.layernorm_before.weight
      backbone.encoder.layers.2.blocks.1.layernorm_before.bias
      backbone.encoder.layers.2.blocks.1.layernorm_after.weight
      backbone.encoder.layers.2.blocks.1.layernorm_after.bias
      backbone.encoder.layers.2.blocks.2.layernorm_before.weight
      backbone.encoder.layers.2.blocks.2.layernorm_before.bias
      backbone.encoder.layers.2.blocks.2.layernorm_after.weight
      backbone.encoder.layers.2.blocks.2.layernorm_after.bias
      backbone.encoder.layers.2.blocks.3.layernorm_before.weight
      backbone.encoder.layers.2.blocks.3.layernorm_before.bias
      backbone.encoder.layers.2.blocks.3.layernorm_after.weight
      backbone.encoder.layers.2.blocks.3.layernorm_after.bias
      backbone.encoder.layers.2.blocks.4.layernorm_before.weight
      backbone.encoder.layers.2.blocks.4.layernorm_before.bias
      backbone.encoder.layers.2.blocks.4.layernorm_after.weight
      backbone.encoder.layers.2.blocks.4.layernorm_after.bias
      backbone.encoder.layers.2.blocks.5.layernorm_before.weight
      backbone.encoder.layers.2.blocks.5.layernorm_before.bias
      backbone.encoder.layers.2.blocks.5.layernorm_after.weight
      backbone.encoder.layers.2.blocks.5.layernorm_after.bias
      backbone.encoder.layers.2.downsample.norm.weight
      backbone.encoder.layers.2.downsample.norm.bias
      backbone.encoder.layers.3.blocks.0.layernorm_before.weight
      backbone.encoder.layers.3.blocks.0.layernorm_before.bias
      backbone.encoder.layers.3.blocks.0.layernorm_after.weight
      backbone.encoder.layers.3.blocks.0.layernorm_after.bias
      backbone.encoder.layers.3.blocks.1.layernorm_before.weight
      backbone.encoder.layers.3.blocks.1.layernorm_before.bias
      backbone.encoder.layers.3.blocks.1.layernorm_after.weight
      backbone.encoder.layers.3.blocks.1.layernorm_after.bias
  group[2] lr=2.500e-04 wd=0.000e+00 tensors=   38 params=      14,592  pattern=^(?!.*backbone)(?=.*norm).*$
      feature_sampling.norm.weight
      feature_sampling.norm.bias
      decoder.layers.0.self_attention_norm.weight
      decoder.layers.0.self_attention_norm.bias
      decoder.layers.0.cross_attention_norm.weight
      decoder.layers.0.cross_attention_norm.bias
      decoder.layers.0.ffn_norm.weight
      decoder.layers.0.ffn_norm.bias
      decoder.layers.1.self_attention_norm.weight
      decoder.layers.1.self_attention_norm.bias
      decoder.layers.1.cross_attention_norm.weight
      decoder.layers.1.cross_attention_norm.bias
      decoder.layers.1.ffn_norm.weight
      decoder.layers.1.ffn_norm.bias
      decoder.layers.2.self_attention_norm.weight
      decoder.layers.2.self_attention_norm.bias
      decoder.layers.2.cross_attention_norm.weight
      decoder.layers.2.cross_attention_norm.bias
      decoder.layers.2.ffn_norm.weight
      decoder.layers.2.ffn_norm.bias
      decoder.layers.3.self_attention_norm.weight
      decoder.layers.3.self_attention_norm.bias
      decoder.layers.3.cross_attention_norm.weight
      decoder.layers.3.cross_attention_norm.bias
      decoder.layers.3.ffn_norm.weight
      decoder.layers.3.ffn_norm.bias
      decoder.layers.4.self_attention_norm.weight
      decoder.layers.4.self_attention_norm.bias
      decoder.layers.4.cross_attention_norm.weight
      decoder.layers.4.cross_attention_norm.bias
      decoder.layers.4.ffn_norm.weight
      decoder.layers.4.ffn_norm.bias
      decoder.layers.5.self_attention_norm.weight
      decoder.layers.5.self_attention_norm.bias
      decoder.layers.5.cross_attention_norm.weight
      decoder.layers.5.cross_attention_norm.bias
      decoder.layers.5.ffn_norm.weight
      decoder.layers.5.ffn_norm.bias
  group[3] lr=2.500e-04 wd=1.250e-04 tensors=  153 params=  17,288,474  pattern=<default/unmatched>
      feature_sampling.reduction.weight
      decoder.layers.0.self_attention.pe.freqs
      decoder.layers.0.self_attention.pe.parametrizations.S.original
      decoder.layers.0.self_attention.q.weight
      decoder.layers.0.self_attention.kv.weight
      decoder.layers.0.self_attention.wo.weight
      decoder.layers.0.cross_attention.pe.freqs
      decoder.layers.0.cross_attention.pe.parametrizations.S.original
      decoder.layers.0.cross_attention.q.weight
      decoder.layers.0.cross_attention.kv.weight
      decoder.layers.0.cross_attention.wo.weight
      decoder.layers.0.ffn.w1.weight
      decoder.layers.0.ffn.w2.weight
      decoder.layers.0.ffn.w3.weight
      decoder.layers.1.self_attention.pe.freqs
      decoder.layers.1.self_attention.pe.parametrizations.S.original
      decoder.layers.1.self_attention.q.weight
      decoder.layers.1.self_attention.kv.weight
      decoder.layers.1.self_attention.wo.weight
      decoder.layers.1.cross_attention.pe.freqs
      decoder.layers.1.cross_attention.pe.parametrizations.S.original
      decoder.layers.1.cross_attention.q.weight
      decoder.layers.1.cross_attention.kv.weight
      decoder.layers.1.cross_attention.wo.weight
      decoder.layers.1.ffn.w1.weight
      decoder.layers.1.ffn.w2.weight
      decoder.layers.1.ffn.w3.weight
      decoder.layers.2.self_attention.pe.freqs
      decoder.layers.2.self_attention.pe.parametrizations.S.original
      decoder.layers.2.self_attention.q.weight
      decoder.layers.2.self_attention.kv.weight
      decoder.layers.2.self_attention.wo.weight
      decoder.layers.2.cross_attention.pe.freqs
      decoder.layers.2.cross_attention.pe.parametrizations.S.original
      decoder.layers.2.cross_attention.q.weight
      decoder.layers.2.cross_attention.kv.weight
      decoder.layers.2.cross_attention.wo.weight
      decoder.layers.2.ffn.w1.weight
      decoder.layers.2.ffn.w2.weight
      decoder.layers.2.ffn.w3.weight
      decoder.layers.3.self_attention.pe.freqs
      decoder.layers.3.self_attention.pe.parametrizations.S.original
      decoder.layers.3.self_attention.q.weight
      decoder.layers.3.self_attention.kv.weight
      decoder.layers.3.self_attention.wo.weight
      decoder.layers.3.cross_attention.pe.freqs
      decoder.layers.3.cross_attention.pe.parametrizations.S.original
      decoder.layers.3.cross_attention.q.weight
      decoder.layers.3.cross_attention.kv.weight
      decoder.layers.3.cross_attention.wo.weight
      decoder.layers.3.ffn.w1.weight
      decoder.layers.3.ffn.w2.weight
      decoder.layers.3.ffn.w3.weight
      decoder.layers.4.self_attention.pe.freqs
      decoder.layers.4.self_attention.pe.parametrizations.S.original
      decoder.layers.4.self_attention.q.weight
      decoder.layers.4.self_attention.kv.weight
      decoder.layers.4.self_attention.wo.weight
      decoder.layers.4.cross_attention.pe.freqs
      decoder.layers.4.cross_attention.pe.parametrizations.S.original
      decoder.layers.4.cross_attention.q.weight
      decoder.layers.4.cross_attention.kv.weight
      decoder.layers.4.cross_attention.wo.weight
      decoder.layers.4.ffn.w1.weight
      decoder.layers.4.ffn.w2.weight
      decoder.layers.4.ffn.w3.weight
      decoder.layers.5.self_attention.pe.freqs
      decoder.layers.5.self_attention.pe.parametrizations.S.original
      decoder.layers.5.self_attention.q.weight
      decoder.layers.5.self_attention.kv.weight
      decoder.layers.5.self_attention.wo.weight
      decoder.layers.5.cross_attention.pe.freqs
      decoder.layers.5.cross_attention.pe.parametrizations.S.original
      decoder.layers.5.cross_attention.q.weight
      decoder.layers.5.cross_attention.kv.weight
      decoder.layers.5.cross_attention.wo.weight
      decoder.layers.5.ffn.w1.weight
      decoder.layers.5.ffn.w2.weight
      decoder.layers.5.ffn.w3.weight
      decoder.class_head.weight
      decoder.class_head.bias
      decoder.point_head.0.0.weight
      decoder.point_head.0.0.bias
      decoder.point_head.0.2.weight
      decoder.point_head.0.2.bias
      decoder.point_head.0.4.weight
      decoder.point_head.0.4.bias
      decoder.point_head.1.0.weight
      decoder.point_head.1.0.bias
      decoder.point_head.1.2.weight
      decoder.point_head.1.2.bias
      decoder.point_head.1.4.weight
      decoder.point_head.1.4.bias
      decoder.point_head.2.0.weight
      decoder.point_head.2.0.bias
      decoder.point_head.2.2.weight
      decoder.point_head.2.2.bias
      decoder.point_head.2.4.weight
      decoder.point_head.2.4.bias
      decoder.point_head.3.0.weight
      decoder.point_head.3.0.bias
      decoder.point_head.3.2.weight
      decoder.point_head.3.2.bias
      decoder.point_head.3.4.weight
      decoder.point_head.3.4.bias
      decoder.point_head.4.0.weight
      decoder.point_head.4.0.bias
      decoder.point_head.4.2.weight
      decoder.point_head.4.2.bias
      decoder.point_head.4.4.weight
      decoder.point_head.4.4.bias
      decoder.point_head.5.0.weight
      decoder.point_head.5.0.bias
      decoder.point_head.5.2.weight
      decoder.point_head.5.2.bias
      decoder.point_head.5.4.weight
      decoder.point_head.5.4.bias
      decoder.wh_head.0.0.weight
      decoder.wh_head.0.0.bias
      decoder.wh_head.0.2.weight
      decoder.wh_head.0.2.bias
      decoder.wh_head.0.4.weight
      decoder.wh_head.0.4.bias
      decoder.wh_head.1.0.weight
      decoder.wh_head.1.0.bias
      decoder.wh_head.1.2.weight
      decoder.wh_head.1.2.bias
      decoder.wh_head.1.4.weight
      decoder.wh_head.1.4.bias
      decoder.wh_head.2.0.weight
      decoder.wh_head.2.0.bias
      decoder.wh_head.2.2.weight
      decoder.wh_head.2.2.bias
      decoder.wh_head.2.4.weight
      decoder.wh_head.2.4.bias
      decoder.wh_head.3.0.weight
      decoder.wh_head.3.0.bias
      decoder.wh_head.3.2.weight
      decoder.wh_head.3.2.bias
      decoder.wh_head.3.4.weight
      decoder.wh_head.3.4.bias
      decoder.wh_head.4.0.weight
      decoder.wh_head.4.0.bias
      decoder.wh_head.4.2.weight
      decoder.wh_head.4.2.bias
      decoder.wh_head.4.4.weight
      decoder.wh_head.4.4.bias
      decoder.wh_head.5.0.weight
      decoder.wh_head.5.0.bias
      decoder.wh_head.5.2.weight
      decoder.wh_head.5.2.bias
      decoder.wh_head.5.4.weight
      decoder.wh_head.5.4.bias
  frozen:
      backbone.embeddings.patch_embeddings.projection.weight
      backbone.embeddings.patch_embeddings.projection.bias
      backbone.embeddings.norm.weight
      backbone.embeddings.norm.bias
      backbone.encoder.layers.0.blocks.0.attention.self.logit_scale
      backbone.encoder.layers.0.blocks.0.attention.self.continuous_position_bias_mlp.0.weight
      backbone.encoder.layers.0.blocks.0.attention.self.continuous_position_bias_mlp.0.bias
      backbone.encoder.layers.0.blocks.0.attention.self.continuous_position_bias_mlp.2.weight
      backbone.encoder.layers.0.blocks.0.attention.self.query.weight
      backbone.encoder.layers.0.blocks.0.attention.self.query.bias
      backbone.encoder.layers.0.blocks.0.attention.self.key.weight
      backbone.encoder.layers.0.blocks.0.attention.self.value.weight
      backbone.encoder.layers.0.blocks.0.attention.self.value.bias
      backbone.encoder.layers.0.blocks.0.attention.output.dense.weight
      backbone.encoder.layers.0.blocks.0.attention.output.dense.bias
      backbone.encoder.layers.0.blocks.0.layernorm_before.weight
      backbone.encoder.layers.0.blocks.0.layernorm_before.bias
      backbone.encoder.layers.0.blocks.0.intermediate.dense.weight
      backbone.encoder.layers.0.blocks.0.intermediate.dense.bias
      backbone.encoder.layers.0.blocks.0.output.dense.weight
      backbone.encoder.layers.0.blocks.0.output.dense.bias
      backbone.encoder.layers.0.blocks.0.layernorm_after.weight
      backbone.encoder.layers.0.blocks.0.layernorm_after.bias
      backbone.encoder.layers.0.blocks.1.attention.self.logit_scale
      backbone.encoder.layers.0.blocks.1.attention.self.continuous_position_bias_mlp.0.weight
      backbone.encoder.layers.0.blocks.1.attention.self.continuous_position_bias_mlp.0.bias
      backbone.encoder.layers.0.blocks.1.attention.self.continuous_position_bias_mlp.2.weight
      backbone.encoder.layers.0.blocks.1.attention.self.query.weight
      backbone.encoder.layers.0.blocks.1.attention.self.query.bias
      backbone.encoder.layers.0.blocks.1.attention.self.key.weight
      backbone.encoder.layers.0.blocks.1.attention.self.value.weight
      backbone.encoder.layers.0.blocks.1.attention.self.value.bias
      backbone.encoder.layers.0.blocks.1.attention.output.dense.weight
      backbone.encoder.layers.0.blocks.1.attention.output.dense.bias
      backbone.encoder.layers.0.blocks.1.layernorm_before.weight
      backbone.encoder.layers.0.blocks.1.layernorm_before.bias
      backbone.encoder.layers.0.blocks.1.intermediate.dense.weight
      backbone.encoder.layers.0.blocks.1.intermediate.dense.bias
      backbone.encoder.layers.0.blocks.1.output.dense.weight
      backbone.encoder.layers.0.blocks.1.output.dense.bias
      backbone.encoder.layers.0.blocks.1.layernorm_after.weight
      backbone.encoder.layers.0.blocks.1.layernorm_after.bias
      backbone.encoder.layers.0.downsample.reduction.weight
      backbone.encoder.layers.0.downsample.norm.weight
      backbone.encoder.layers.0.downsample.norm.bias
====================================================================================================
backbone norm tensors at lr 1.25e-5/wd 0: 44; non-backbone norm tensors at wd 0: 38
PASS optimizer group audit
