TF32 machine default (matmul, cudnn, precision) = (True, True, 'high'); parity run uses matmul tf32=False
snapshot: 45,024,444 params, strict load ok, qbs=14.222222222222223
[hf5class] arm=strict-local loaded 418/432 tensors (44,874,294 params, coverage 99.99% of 44,879,684); dropped 14 source tensors; new params 5,390
[CocoDetection] Dataset loaded: 9853 images from /home/work/.mnt/combined_all_v1_bundle/val_coco.json
input (1, 3, 256, 256) range [-1.47,2.64]
backbone feature maps:
  backbone.stage1        shape=(1, 96, 64, 64) max|d|=0.000e+00 mean|d|=0.000e+00 rel=0.00e+00
  backbone.stage2        shape=(1, 192, 32, 32) max|d|=0.000e+00 mean|d|=0.000e+00 rel=0.00e+00
  backbone.stage3        shape=(1, 384, 16, 16) max|d|=0.000e+00 mean|d|=0.000e+00 rel=0.00e+00
  backbone.stage4        shape=(1, 768, 8, 8) max|d|=0.000e+00 mean|d|=0.000e+00 rel=0.00e+00
decoder outputs (eval mode):
  embeddings             shape=(1, 324, 384) max|d|=8.094e-05 mean|d|=1.355e-06 rel=1.29e-05
  points(norm)           shape=(1, 324, 2) max|d|=1.073e-06 mean|d|=1.620e-08 rel=1.08e-06
  points(px@256)         shape=(1, 324, 2) max|d|=2.747e-04 mean|d|=4.146e-06 rel=1.08e-06
cached-P deviation check (perturb S in layer 0 self-attention of both, small delta):
[hf5class] arm=strict-local loaded 418/432 tensors (44,874,294 params, coverage 99.99% of 44,879,684); dropped 14 source tensors; new params 5,390
  |snapshot cached P - P(current S)| = 2.711e-01 (STALE)   |port P() - P64| = 1.930e-07
  snapshot eval output moved by 0.000e+00 (stale)   port eval output moved by 3.274e-05
  |port eval - port train(solve)| = 4.452e-05   |snapshot eval - port train(solve)| = 1.015e-04
backbone(image_size=1536) vs snapshot(256) at 256 input, per stage max|d|: ['0.00e+00', '0.00e+00', '1.42e+01', '1.08e+02'] (stage1/2 identical, stage3/4 differ by design: window16/shift8 vs window16-shift0 / window8)
PASS -> /home/work/tksong/lsp-detr/det/logs/p3_2_parity.json
