SAVE_INTERMEDIATE_VISUALIZE_RESULT: False
SAVE_INTERMEDIATE_VISUALIZE_RESULT: False
[CocoDetection] Dataset loaded: 9853 images from /home/work/.mnt/combined_all_v1_bundle/val_coco.json
selected 10 images (GT in (200,1500)): idx=[1543, 2611, 2676, 3234, 3966, 4795, 5612, 6697, 7922, 9012] gt=[503, 207, 649, 628, 950, 374, 788, 546, 399, 342]
total GT 5386, GT in collision cells 726 (13.5%)
[hf5class] arm=movable-reference loaded 406/432 tensors (44,869,674 params, coverage 99.98% of 44,879,684); dropped 26 source tensors; new params 10,010
arm=movable-reference center_span=3.0 params=44,879,684
Test:  [ 0/10]  eta: 0:00:58    time: 5.8150  data: 0.5325  max mem: 0
Test:  [ 9/10]  eta: 0:00:01    time: 1.1782  data: 0.0575  max mem: 0
Test: Total time: 0:00:11 (1.1913 s / it)
Averaged stats: 
Accumulating evaluation results...
COCOeval_opt.accumulate() finished...
DONE (t=0.07s).
IoU metric: bbox
 Average Precision  (AP) @[ IoU=0.50:0.95 | area=   all | maxDets=2000 ] = 0.000
 Average Precision  (AP) @[ IoU=0.50      | area=   all | maxDets=2000 ] = 0.000
 Average Precision  (AP) @[ IoU=0.50:0.95 | area=verytiny | maxDets=2000 ] = 0.000
 Average Precision  (AP) @[ IoU=0.50:0.95 | area=  tiny | maxDets=2000 ] = 0.000
 Average Precision  (AP) @[ IoU=0.50:0.95 | area= small | maxDets=2000 ] = 0.003
 Average Precision  (AP) @[ IoU=0.50:0.95 | area=medium | maxDets=2000 ] = 0.000
 Average Recall     (AR) @[ IoU=0.50:0.95 | area=   all | maxDets=500 ] = 0.001
 Average Recall     (AR) @[ IoU=0.50:0.95 | area=   all | maxDets=1000 ] = 0.001
 Average Recall     (AR) @[ IoU=0.50:0.95 | area=   all | maxDets=2000 ] = 0.002
 Average Recall     (AR) @[ IoU=0.50:0.95 | area=verytiny | maxDets=2000 ] = 0.000
 Average Recall     (AR) @[ IoU=0.50:0.95 | area=  tiny | maxDets=2000 ] = 0.002
 Average Recall     (AR) @[ IoU=0.50:0.95 | area= small | maxDets=2000 ] = 0.001
 Average Recall     (AR) @[ IoU=0.50:0.95 | area=medium | maxDets=2000 ] = 0.000
[eval step 0] AP=0.0000 AP50=0.0001 AR@2000=0.0016 matchedIoU med=0.257 recall all=0.011 collision=0.008 non-coll=0.011
/home/work/tksong/lsp-detr/det/scripts/smoke_p3_3_overfit.py:162: UserWarning: Converting a tensor with requires_grad=True to a scalar may lead to unexpected behavior.
Consider using tensor.detach() first. (Triggered internally at /__w/pytorch/pytorch/torch/csrc/autograd/generated/python_variable_methods.cpp:822.)
  history["loss"].append(float(loss))
step 20 loss 16.3074 (vfl 1.888 l1 0.083 giou 0.788) 1.07s/step
step 40 loss 16.4208 (vfl 2.319 l1 0.026 giou 0.476) 1.03s/step
step 60 loss 18.2361 (vfl 3.535 l1 0.032 giou 0.496) 1.02s/step
step 80 loss 17.6815 (vfl 2.490 l1 0.027 giou 0.437) 1.03s/step
step 100 loss 17.8566 (vfl 2.651 l1 0.028 giou 0.436) 1.02s/step
step 120 loss 18.0806 (vfl 2.757 l1 0.028 giou 0.430) 1.02s/step
step 140 loss 14.6635 (vfl 2.098 l1 0.034 giou 0.456) 1.03s/step
step 160 loss 14.2047 (vfl 1.792 l1 0.038 giou 0.427) 1.04s/step
step 180 loss 15.0154 (vfl 2.191 l1 0.032 giou 0.422) 1.05s/step
step 200 loss 15.5959 (vfl 2.287 l1 0.036 giou 0.451) 1.06s/step
step 220 loss 13.4208 (vfl 1.659 l1 0.037 giou 0.456) 1.07s/step
step 240 loss 14.5384 (vfl 2.039 l1 0.032 giou 0.422) 1.09s/step
step 260 loss 20.2283 (vfl 2.708 l1 0.050 giou 0.538) 1.10s/step
step 280 loss 11.7887 (vfl 1.611 l1 0.031 giou 0.411) 1.11s/step
step 300 loss 17.1013 (vfl 2.262 l1 0.072 giou 0.533) 1.12s/step
Test:  [ 0/10]  eta: 0:00:12    time: 1.2414  data: 0.4994  max mem: 0
Test:  [ 9/10]  eta: 0:00:00    time: 0.7434  data: 0.0526  max mem: 0
Test: Total time: 0:00:07 (0.7840 s / it)
Averaged stats: 
Accumulating evaluation results...
COCOeval_opt.accumulate() finished...
DONE (t=0.16s).
IoU metric: bbox
 Average Precision  (AP) @[ IoU=0.50:0.95 | area=   all | maxDets=2000 ] = 0.401
 Average Precision  (AP) @[ IoU=0.50      | area=   all | maxDets=2000 ] = 0.782
 Average Precision  (AP) @[ IoU=0.50:0.95 | area=verytiny | maxDets=2000 ] = 0.114
 Average Precision  (AP) @[ IoU=0.50:0.95 | area=  tiny | maxDets=2000 ] = 0.360
 Average Precision  (AP) @[ IoU=0.50:0.95 | area= small | maxDets=2000 ] = 0.457
 Average Precision  (AP) @[ IoU=0.50:0.95 | area=medium | maxDets=2000 ] = 0.126
 Average Recall     (AR) @[ IoU=0.50:0.95 | area=   all | maxDets=500 ] = 0.456
 Average Recall     (AR) @[ IoU=0.50:0.95 | area=   all | maxDets=1000 ] = 0.494
 Average Recall     (AR) @[ IoU=0.50:0.95 | area=   all | maxDets=2000 ] = 0.495
 Average Recall     (AR) @[ IoU=0.50:0.95 | area=verytiny | maxDets=2000 ] = 0.131
 Average Recall     (AR) @[ IoU=0.50:0.95 | area=  tiny | maxDets=2000 ] = 0.446
 Average Recall     (AR) @[ IoU=0.50:0.95 | area= small | maxDets=2000 ] = 0.565
 Average Recall     (AR) @[ IoU=0.50:0.95 | area=medium | maxDets=2000 ] = 0.125
[eval step 300] AP=0.4014 AP50=0.7816 AR@2000=0.4952 matchedIoU med=0.758 recall all=0.862 collision=0.686 non-coll=0.890
step 320 loss 11.8635 (vfl 1.391 l1 0.046 giou 0.482) 1.19s/step
step 340 loss 10.8147 (vfl 1.271 l1 0.030 giou 0.426) 1.20s/step
step 360 loss 13.2988 (vfl 1.461 l1 0.063 giou 0.508) 1.21s/step
step 380 loss 10.8997 (vfl 1.412 l1 0.027 giou 0.396) 1.22s/step
step 400 loss 16.3206 (vfl 2.287 l1 0.033 giou 0.420) 1.23s/step
step 420 loss 10.5661 (vfl 1.236 l1 0.028 giou 0.386) 1.23s/step
step 440 loss 10.5239 (vfl 1.293 l1 0.027 giou 0.416) 1.24s/step
step 460 loss 18.0865 (vfl 2.623 l1 0.063 giou 0.515) 1.25s/step
step 480 loss 11.8497 (vfl 1.345 l1 0.048 giou 0.445) 1.25s/step
step 500 loss 11.8281 (vfl 1.446 l1 0.041 giou 0.453) 1.25s/step
step 520 loss 13.7449 (vfl 1.686 l1 0.056 giou 0.506) 1.25s/step
step 540 loss 10.8919 (vfl 1.276 l1 0.037 giou 0.417) 1.25s/step
step 560 loss 12.6137 (vfl 1.455 l1 0.040 giou 0.419) 1.26s/step
step 580 loss 11.4866 (vfl 1.314 l1 0.039 giou 0.404) 1.26s/step
step 600 loss 10.4785 (vfl 1.256 l1 0.030 giou 0.388) 1.26s/step
Test:  [ 0/10]  eta: 0:00:12    time: 1.2052  data: 0.5670  max mem: 0
Test:  [ 9/10]  eta: 0:00:00    time: 0.6777  data: 0.0591  max mem: 0
Test: Total time: 0:00:07 (0.7087 s / it)
Averaged stats: 
Accumulating evaluation results...
COCOeval_opt.accumulate() finished...
DONE (t=0.08s).
IoU metric: bbox
 Average Precision  (AP) @[ IoU=0.50:0.95 | area=   all | maxDets=2000 ] = 0.494
 Average Precision  (AP) @[ IoU=0.50      | area=   all | maxDets=2000 ] = 0.883
 Average Precision  (AP) @[ IoU=0.50:0.95 | area=verytiny | maxDets=2000 ] = 0.337
 Average Precision  (AP) @[ IoU=0.50:0.95 | area=  tiny | maxDets=2000 ] = 0.458
 Average Precision  (AP) @[ IoU=0.50:0.95 | area= small | maxDets=2000 ] = 0.533
 Average Precision  (AP) @[ IoU=0.50:0.95 | area=medium | maxDets=2000 ] = 0.400
 Average Recall     (AR) @[ IoU=0.50:0.95 | area=   all | maxDets=500 ] = 0.513
 Average Recall     (AR) @[ IoU=0.50:0.95 | area=   all | maxDets=1000 ] = 0.551
 Average Recall     (AR) @[ IoU=0.50:0.95 | area=   all | maxDets=2000 ] = 0.551
 Average Recall     (AR) @[ IoU=0.50:0.95 | area=verytiny | maxDets=2000 ] = 0.369
 Average Recall     (AR) @[ IoU=0.50:0.95 | area=  tiny | maxDets=2000 ] = 0.502
 Average Recall     (AR) @[ IoU=0.50:0.95 | area= small | maxDets=2000 ] = 0.596
 Average Recall     (AR) @[ IoU=0.50:0.95 | area=medium | maxDets=2000 ] = 0.400
[eval step 600] AP=0.4939 AP50=0.8834 AR@2000=0.5514 matchedIoU med=0.785 recall all=0.911 collision=0.787 non-coll=0.930
step 620 loss 9.7906 (vfl 1.162 l1 0.026 giou 0.347) 1.29s/step
step 640 loss 10.4109 (vfl 1.199 l1 0.035 giou 0.416) 1.29s/step
step 660 loss 9.9208 (vfl 1.211 l1 0.029 giou 0.341) 1.29s/step
step 680 loss 11.4660 (vfl 1.307 l1 0.037 giou 0.368) 1.29s/step
step 700 loss 10.3856 (vfl 1.204 l1 0.033 giou 0.396) 1.29s/step
step 720 loss 10.0427 (vfl 1.201 l1 0.029 giou 0.404) 1.29s/step
step 740 loss 9.3903 (vfl 1.164 l1 0.022 giou 0.337) 1.29s/step
step 760 loss 10.4504 (vfl 1.296 l1 0.024 giou 0.347) 1.30s/step
step 780 loss 9.5290 (vfl 1.165 l1 0.021 giou 0.321) 1.30s/step
step 800 loss 9.8828 (vfl 1.220 l1 0.025 giou 0.340) 1.30s/step
step 820 loss 9.8138 (vfl 1.169 l1 0.028 giou 0.361) 1.30s/step
step 840 loss 12.0502 (vfl 1.262 l1 0.086 giou 0.525) 1.30s/step
step 860 loss 9.3035 (vfl 1.118 l1 0.024 giou 0.286) 1.30s/step
step 880 loss 10.1092 (vfl 1.353 l1 0.022 giou 0.343) 1.30s/step
step 900 loss 9.1968 (vfl 1.160 l1 0.022 giou 0.320) 1.30s/step
Test:  [ 0/10]  eta: 0:00:11    time: 1.1477  data: 0.5511  max mem: 0
Test:  [ 9/10]  eta: 0:00:00    time: 0.6665  data: 0.0579  max mem: 0
Test: Total time: 0:00:06 (0.6860 s / it)
Averaged stats: 
Accumulating evaluation results...
COCOeval_opt.accumulate() finished...
DONE (t=0.08s).
IoU metric: bbox
 Average Precision  (AP) @[ IoU=0.50:0.95 | area=   all | maxDets=2000 ] = 0.555
 Average Precision  (AP) @[ IoU=0.50      | area=   all | maxDets=2000 ] = 0.934
 Average Precision  (AP) @[ IoU=0.50:0.95 | area=verytiny | maxDets=2000 ] = 0.263
 Average Precision  (AP) @[ IoU=0.50:0.95 | area=  tiny | maxDets=2000 ] = 0.512
 Average Precision  (AP) @[ IoU=0.50:0.95 | area= small | maxDets=2000 ] = 0.615
 Average Precision  (AP) @[ IoU=0.50:0.95 | area=medium | maxDets=2000 ] = 0.426
 Average Recall     (AR) @[ IoU=0.50:0.95 | area=   all | maxDets=500 ] = 0.559
 Average Recall     (AR) @[ IoU=0.50:0.95 | area=   all | maxDets=1000 ] = 0.602
 Average Recall     (AR) @[ IoU=0.50:0.95 | area=   all | maxDets=2000 ] = 0.603
 Average Recall     (AR) @[ IoU=0.50:0.95 | area=verytiny | maxDets=2000 ] = 0.309
 Average Recall     (AR) @[ IoU=0.50:0.95 | area=  tiny | maxDets=2000 ] = 0.560
 Average Recall     (AR) @[ IoU=0.50:0.95 | area= small | maxDets=2000 ] = 0.660
 Average Recall     (AR) @[ IoU=0.50:0.95 | area=medium | maxDets=2000 ] = 0.425
[eval step 900] AP=0.5546 AP50=0.9341 AR@2000=0.6026 matchedIoU med=0.802 recall all=0.947 collision=0.865 non-coll=0.960
step 920 loss 10.7883 (vfl 1.261 l1 0.041 giou 0.330) 1.32s/step
step 940 loss 8.5982 (vfl 1.076 l1 0.022 giou 0.256) 1.32s/step
step 960 loss 8.4284 (vfl 1.045 l1 0.021 giou 0.250) 1.32s/step
step 980 loss 9.6855 (vfl 1.257 l1 0.021 giou 0.328) 1.32s/step
step 1000 loss 9.0943 (vfl 1.183 l1 0.019 giou 0.271) 1.32s/step
step 1020 loss 9.7514 (vfl 1.239 l1 0.021 giou 0.295) 1.32s/step
step 1040 loss 8.8773 (vfl 1.150 l1 0.014 giou 0.237) 1.32s/step
step 1060 loss 8.7178 (vfl 1.122 l1 0.017 giou 0.253) 1.32s/step
step 1080 loss 8.3449 (vfl 1.065 l1 0.017 giou 0.240) 1.32s/step
step 1100 loss 8.7447 (vfl 1.152 l1 0.021 giou 0.250) 1.32s/step
step 1120 loss 9.4228 (vfl 1.231 l1 0.019 giou 0.292) 1.32s/step
step 1140 loss 8.7171 (vfl 1.144 l1 0.016 giou 0.249) 1.32s/step
step 1160 loss 8.2241 (vfl 1.031 l1 0.016 giou 0.230) 1.32s/step
step 1180 loss 8.6714 (vfl 1.137 l1 0.019 giou 0.247) 1.32s/step
step 1200 loss 9.1042 (vfl 1.152 l1 0.017 giou 0.246) 1.32s/step
Test:  [ 0/10]  eta: 0:00:12    time: 1.2090  data: 0.5694  max mem: 0
Test:  [ 9/10]  eta: 0:00:00    time: 0.6632  data: 0.0594  max mem: 0
Test: Total time: 0:00:06 (0.6936 s / it)
Averaged stats: 
Accumulating evaluation results...
COCOeval_opt.accumulate() finished...
DONE (t=0.07s).
IoU metric: bbox
 Average Precision  (AP) @[ IoU=0.50:0.95 | area=   all | maxDets=2000 ] = 0.640
 Average Precision  (AP) @[ IoU=0.50      | area=   all | maxDets=2000 ] = 0.963
 Average Precision  (AP) @[ IoU=0.50:0.95 | area=verytiny | maxDets=2000 ] = 0.527
 Average Precision  (AP) @[ IoU=0.50:0.95 | area=  tiny | maxDets=2000 ] = 0.640
 Average Precision  (AP) @[ IoU=0.50:0.95 | area= small | maxDets=2000 ] = 0.676
 Average Precision  (AP) @[ IoU=0.50:0.95 | area=medium | maxDets=2000 ] = 0.450
 Average Recall     (AR) @[ IoU=0.50:0.95 | area=   all | maxDets=500 ] = 0.631
 Average Recall     (AR) @[ IoU=0.50:0.95 | area=   all | maxDets=1000 ] = 0.686
 Average Recall     (AR) @[ IoU=0.50:0.95 | area=   all | maxDets=2000 ] = 0.686
 Average Recall     (AR) @[ IoU=0.50:0.95 | area=verytiny | maxDets=2000 ] = 0.539
 Average Recall     (AR) @[ IoU=0.50:0.95 | area=  tiny | maxDets=2000 ] = 0.682
 Average Recall     (AR) @[ IoU=0.50:0.95 | area= small | maxDets=2000 ] = 0.725
 Average Recall     (AR) @[ IoU=0.50:0.95 | area=medium | maxDets=2000 ] = 0.450
[eval step 1200] AP=0.6403 AP50=0.9632 AR@2000=0.6857 matchedIoU med=0.840 recall all=0.978 collision=0.931 non-coll=0.985
step 1220 loss 8.8281 (vfl 1.102 l1 0.022 giou 0.259) 1.33s/step
step 1240 loss 7.0800 (vfl 0.898 l1 0.015 giou 0.171) 1.33s/step
step 1260 loss 7.6601 (vfl 1.023 l1 0.012 giou 0.178) 1.33s/step
step 1280 loss 7.5765 (vfl 1.035 l1 0.008 giou 0.187) 1.33s/step
step 1300 loss 8.7637 (vfl 1.147 l1 0.015 giou 0.228) 1.33s/step
step 1320 loss 8.2389 (vfl 1.114 l1 0.012 giou 0.218) 1.33s/step
step 1340 loss 7.2928 (vfl 0.985 l1 0.009 giou 0.171) 1.33s/step
step 1360 loss 7.5907 (vfl 1.038 l1 0.007 giou 0.161) 1.33s/step
step 1380 loss 9.9949 (vfl 1.265 l1 0.028 giou 0.332) 1.33s/step
step 1400 loss 6.8730 (vfl 0.935 l1 0.008 giou 0.144) 1.33s/step
step 1420 loss 7.7223 (vfl 1.092 l1 0.010 giou 0.189) 1.32s/step
step 1440 loss 8.5040 (vfl 1.154 l1 0.012 giou 0.209) 1.32s/step
step 1460 loss 8.1509 (vfl 1.124 l1 0.010 giou 0.203) 1.32s/step
step 1480 loss 7.0120 (vfl 0.965 l1 0.008 giou 0.146) 1.32s/step
step 1500 loss 8.2925 (vfl 1.094 l1 0.009 giou 0.187) 1.32s/step
Test:  [ 0/10]  eta: 0:00:11    time: 1.1196  data: 0.5353  max mem: 0
Test:  [ 9/10]  eta: 0:00:00    time: 0.6545  data: 0.0563  max mem: 0
Test: Total time: 0:00:06 (0.6738 s / it)
Averaged stats: 
Accumulating evaluation results...
COCOeval_opt.accumulate() finished...
DONE (t=0.09s).
IoU metric: bbox
 Average Precision  (AP) @[ IoU=0.50:0.95 | area=   all | maxDets=2000 ] = 0.675
 Average Precision  (AP) @[ IoU=0.50      | area=   all | maxDets=2000 ] = 0.979
 Average Precision  (AP) @[ IoU=0.50:0.95 | area=verytiny | maxDets=2000 ] = 0.562
 Average Precision  (AP) @[ IoU=0.50:0.95 | area=  tiny | maxDets=2000 ] = 0.653
 Average Precision  (AP) @[ IoU=0.50:0.95 | area= small | maxDets=2000 ] = 0.706
 Average Precision  (AP) @[ IoU=0.50:0.95 | area=medium | maxDets=2000 ] = 0.625
 Average Recall     (AR) @[ IoU=0.50:0.95 | area=   all | maxDets=500 ] = 0.655
 Average Recall     (AR) @[ IoU=0.50:0.95 | area=   all | maxDets=1000 ] = 0.717
 Average Recall     (AR) @[ IoU=0.50:0.95 | area=   all | maxDets=2000 ] = 0.717
 Average Recall     (AR) @[ IoU=0.50:0.95 | area=verytiny | maxDets=2000 ] = 0.571
 Average Recall     (AR) @[ IoU=0.50:0.95 | area=  tiny | maxDets=2000 ] = 0.684
 Average Recall     (AR) @[ IoU=0.50:0.95 | area= small | maxDets=2000 ] = 0.755
 Average Recall     (AR) @[ IoU=0.50:0.95 | area=medium | maxDets=2000 ] = 0.625
[eval step 1500] AP=0.6749 AP50=0.9786 AR@2000=0.7171 matchedIoU med=0.849 recall all=0.987 collision=0.957 non-coll=0.991
best AP50=0.9786 at step 1500; matched IoU 0.257 -> 0.849; final recall all/collision/non-coll = 0.987/0.957/0.991
PASS -> det/logs/p3_3_overfit_movable-reference_1500.json
