==========================================
LSP-DETR Distributed Training (hf-5class fine-tune)
==========================================
Arm: strict-local
GPUs: 8 (0,1,2,3,4,5,6,7)
Train batch: 8 total (1 per GPU)
Validation batch: 8 total
Config: configs/LSP-T-combined.yml
Output: output/[combined]LSP-T_strict-local_H100x8_hf5class-ft_30ep
End epochs: 30
Seed: 0
Extra updates: 
TF32 policy: keep
==========================================

SAVE_INTERMEDIATE_VISUALIZE_RESULT: False
SAVE_INTERMEDIATE_VISUALIZE_RESULT: False
SAVE_INTERMEDIATE_VISUALIZE_RESULT: False
SAVE_INTERMEDIATE_VISUALIZE_RESULT: False
SAVE_INTERMEDIATE_VISUALIZE_RESULT: False
SAVE_INTERMEDIATE_VISUALIZE_RESULT: False
SAVE_INTERMEDIATE_VISUALIZE_RESULT: False
SAVE_INTERMEDIATE_VISUALIZE_RESULT: False
SAVE_INTERMEDIATE_VISUALIZE_RESULT: False
SAVE_INTERMEDIATE_VISUALIZE_RESULT: False
SAVE_INTERMEDIATE_VISUALIZE_RESULT: False
SAVE_INTERMEDIATE_VISUALIZE_RESULT: False
SAVE_INTERMEDIATE_VISUALIZE_RESULT: False
SAVE_INTERMEDIATE_VISUALIZE_RESULT: False
SAVE_INTERMEDIATE_VISUALIZE_RESULT: False
SAVE_INTERMEDIATE_VISUALIZE_RESULT: False
NCCL version 2.29.7+cuda13.2
Initialized distributed mode...
[tf32] mode=keep matmul.allow_tf32=True cudnn.allow_tf32=True float32_matmul_precision=high TORCH_ALLOW_TF32_CUBLAS_OVERRIDE=1
cfg:  {'task': 'detection', '_model': None, '_postprocessor': None, '_criterion': None, '_optimizer': None, '_lr_scheduler': None, '_lr_warmup_scheduler': None, '_train_dataloader': None, '_val_dataloader': None, '_ema': None, '_scaler': None, '_train_dataset': None, '_val_dataset': None, '_collate_fn': None, '_evaluator': None, '_writer': None, 'num_workers': 0, 'batch_size': None, '_train_batch_size': None, '_val_batch_size': None, '_train_shuffle': None, '_val_shuffle': None, 'resume': None, 'tuning': None, 'epoches': 30, 'last_epoch': -1, 'use_amp': False, 'use_ema': True, 'ema_decay': 0.9999, 'ema_warmups': 2000, 'sync_bn': True, 'clip_max_norm': 0.1, 'find_unused_parameters': False, 'seed': 0, 'print_freq': 100, 'checkpoint_freq': 1, 'output_dir': 'output/[combined]LSP-T_strict-local_H100x8_hf5class-ft_30ep', 'summary_dir': None, 'device': '', 'yaml_cfg': {'task': 'detection', 'evaluator': {'type': 'AitodCocoEvaluator', 'iou_types': ['bbox']}, 'num_classes': 2, 'remap_mscoco_category': False, 'train_dataloader': {'type': 'DataLoader', 'dataset': {'type': 'MultiCropDatasetWrapper', 'crops_per_image': 16, 'large_threshold_multiplier': 2, 'crop_size': 1536, 'grid_selection_strategy': 'random', 'seed': None, 'dataset': {'type': 'CocoDetection', 'img_folder': '/home/work/.mnt/combined_all_v1_bundle', 'ann_file': '/home/work/.mnt/combined_all_v1_bundle/train_coco.json', 'return_masks': False, 'transforms': {'type': 'Compose', 'ops': [{'type': 'RandomCropWithGridNoDummy', 'crop_size': 1536, 'center_gt_size': 672}, {'type': 'ColorJitter', 'brightness': 0.1, 'contrast': 0.1, 'saturation': 0.1, 'hue': 0.05}, {'type': 'RandomHorizontalFlip', 'p': 0.5}, {'type': 'RandomVerticalFlip', 'p': 0.5}, {'type': 'SanitizeBoundingBoxes', 'min_size': 2}, {'type': 'ConvertPILImage', 'dtype': 'float32', 'scale': True}, {'type': 'ConvertBoxes', 'fmt': 'cxcywh', 'normalize': True}, {'type': 'RandomGaussianBlur', 'p': 0.25, 'kernel_size': [3, 5], 'sigma': [0.1, 1.0]}, {'type': 'ImageNetNormalize'}]}}}, 'shuffle': True, 'num_workers': 4, 'drop_last': True, 'persistent_workers': True, 'collate_fn': {'type': 'BatchImageCollateFunction'}, 'total_batch_size': 8}, 'val_dataloader': {'type': 'DataLoader', 'dataset': {'type': 'CocoDetection', 'img_folder': '/home/work/.mnt/combined_all_v1_bundle', 'ann_file': '/home/work/.mnt/combined_all_v1_bundle/val_coco.json', 'return_masks': False, 'transforms': {'type': 'Compose', 'ops': [{'type': 'Resize', 'size': [1536, 1536]}, {'type': 'ConvertPILImage', 'dtype': 'float32', 'scale': True}, {'type': 'ImageNetNormalize'}]}}, 'shuffle': False, 'num_workers': 2, 'drop_last': False, 'collate_fn': {'type': 'BatchImageCollateFunction'}, 'total_batch_size': 8}, 'print_freq': 100, 'output_dir': 'output/[combined]LSP-T_strict-local_H100x8_hf5class-ft_30ep', 'checkpoint_freq': 1, 'sync_bn': True, 'find_unused_parameters': False, 'use_amp': False, 'scaler': {'type': 'GradScaler', 'enabled': True}, 'use_ema': True, 'ema': {'type': 'ModelEMA', 'decay': 0.9999, 'warmups': 1000, 'start': 0}, 'epoches': 30, 'clip_max_norm': 0.1, 'optimizer': {'type': 'AdamW', 'params': [{'params': '^(?=.*backbone)(?!.*norm|bn).*$', 'lr': 1.25e-05}, {'params': '^(?=.*backbone)(?=.*norm).*$', 'lr': 1.25e-05, 'weight_decay': 0.0}, {'params': '^(?!.*backbone)(?=.*norm).*$', 'weight_decay': 0.0}], 'lr': 0.00025, 'betas': [0.9, 0.999], 'weight_decay': 0.000125}, 'lr_scheduler': {'type': 'MultiStepLR', 'milestones': [24, 30], 'gamma': 0.8}, 'lr_warmup_scheduler': {'type': 'LinearWarmup', 'warmup_duration': 0}, 'model': 'LSPDetrDetection', 'criterion': 'LSPCriterion', 'postprocessor': 'DomePostProcessor', 'use_focal_loss': True, 'eval_spatial_size': [1536, 1536], 'LSPDetrDetection': {'num_classes': 2, 'dim': 384, 'num_heads': 12, 'query_block_size': 14.222222222222223, 'feature_levels': [2, 1, 0, 2, 1, 0], 'self_sta_config': {'kernel': 3, 'q_tile': 3, 'kv_tile': 3}, 'cross_sta_config': [{'kernel': 5, 'q_tile': 3, 'kv_tile': 8}, {'kernel': 5, 'q_tile': 3, 'kv_tile': 4}, {'kernel': 5, 'q_tile': 3, 'kv_tile': 2}], 'backbone_image_size': 1536, 'backbone_window_size': 16, 'backbone_drop_path_rate': 0.1, 'backbone_freeze_at': 1, 'backbone_freeze_patch_embed': True, 'wh_prior_px': [14.0, 14.0], 'center_mode': 'strict-local', 'movable_span_cells': 3.0, 'feature_sampling_fixed': False, 'pretrained': '/home/work/tksong/lsp-detr/hf-5class/model.safetensors', 'pretrained_arm': None, 'expect_imagenet_norm': True, 'input_norm_check': 'warn'}, 'LSPCriterion': {'weight_dict': {'loss_vfl': 3, 'loss_bbox': 3, 'loss_giou': 1}, 'losses': ['vfl', 'boxes'], 'alpha': 0.75, 'gamma': 2.0, 'use_uni_set': True, 'matcher': {'type': 'HungarianMatcher', 'weight_dict': {'cost_class': 3, 'cost_bbox': 3, 'cost_giou': 1}, 'alpha': 0.25, 'gamma': 2.0}}, '__include__': ['./dataset/combined_tnt_detection.yml', '../../../AIVIS-DETECTION/AIVIS-Dome-DETR/configs/runtime.yml', '../../../AIVIS-DETECTION/AIVIS-Dome-DETR/configs/dome/include/dataloader.yml', '../../../AIVIS-DETECTION/AIVIS-Dome-DETR/configs/dome/include/optimizer.yml', './include/lsp_swinv2.yml'], 'num_visualization_batches_per_gpu': 1, 'num_visualization_samples_per_batch': None, 'visualization_epoch_interval': 5, 'visualization_save_rank0_only': False, 'num_visualization_sample_batch': 1, 'DomePostProcessor': {'num_top_queries': 2000, 'use_nms': True, 'nms_iou_threshold': 0.7, 'nms_score_threshold': 0.01, 'class_agnostic': True, 'keep_topk_after_nms': None}, 'epochs': 30, 'config': 'configs/LSP-T-combined.yml', 'seed': 0, 'test_only': False, 'print_method': 'builtin', 'print_rank': 0}}
[hf5class] arm=strict-local loaded 418/432 tensors (44,874,294 params, coverage 99.99% of 44,879,684); dropped 14 source tensors; new params 5,390
====================================================================================================
[optim audit] trainable tensors=387 (44,571,038 params), frozen tensors=45 (308,646 params), base lr=0.00025 wd=0.000125
  group[0] lr=1.250e-05 wd=1.250e-04 tensors=  152 params=  27,248,772  pattern=^(?=.*backbone)(?!.*norm|bn).*$
  group[1] lr=1.250e-05 wd=0.000e+00 tensors=   44 params=      19,200  pattern=^(?=.*backbone)(?=.*norm).*$
  group[2] lr=2.500e-04 wd=0.000e+00 tensors=   38 params=      14,592  pattern=^(?!.*backbone)(?=.*norm).*$
  group[3] lr=2.500e-04 wd=1.250e-04 tensors=  153 params=  17,288,474  pattern=<default/unmatched>
====================================================================================================
[hf5class] init: arm=strict-local loaded_tensors=418 loaded_params=44,874,294 coverage=99.99% new_params=5,390
Initial lr: [1.25e-05, 1.25e-05, 0.00025, 0.00025]
building train_dataloader with batch_size=1...
[CocoDetection] Dataset loaded: 18678 images from /home/work/.mnt/combined_all_v1_bundle/train_coco.json
[MultiCropDatasetWrapper] Using COCO metadata for fast initialization...
[MultiCropDatasetWrapper] Image crop analysis:
  - Size thresholds: small < 1536, medium < 3072, large ≥ 3072
  - Small images (< 1536): 16384 (1 crop each)
  - Medium images (1536 ≤ size < 3072): 22 (3 crops each)
  - Large images (≥ 3072): 2272 (16 crops each)
  - Total crops: 52802
[Rank 0] MultiCropDistributedSampler initialized (adaptive mode):
  - Original images: 18678
  - Total crops: 52802
  - Samples per GPU: 6601
building val_dataloader with batch_size=1...
[CocoDetection] Dataset loaded: 9853 images from /home/work/.mnt/combined_all_v1_bundle/val_coco.json
[Rank 0] DistributedSampler initialized:
  - Total images: 9853
  - Samples per GPU: 1232
  - Batch size: 1
  - Total batches per GPU: 1232
⚠️  FLOPs calculation failed (skipped): 'LSPDetrDetection' object has no attribute 'deploy'
Parameters: 44879684
------------------------------------------Start training-------------------------------------------
Visualization parameters:
  num_visualization_batches_per_gpu: 1
  num_visualization_samples_per_batch: None
  visualization_epoch_interval: 1
  visualization_save_rank0_only: False
  num_visualization_sample_batch: 1
  output_dir: output/[combined]LSP-T_strict-local_H100x8_hf5class-ft_30ep
----------------------------------------------------------------------------------------------------
Train starting...
[rank1]: Traceback (most recent call last):
[rank1]:   File "/home/work/tksong/lsp-detr/det/train.py", line 104, in <module>
[rank1]:     main(args)
[rank1]:   File "/home/work/tksong/lsp-detr/det/train.py", line 82, in main
[rank1]:     solver.fit()
[rank1]:   File "/home/work/tksong/AIVIS-DETECTION/AIVIS-Dome-DETR/src/solver/det_solver.py", line 100, in fit
[rank1]:     train_stats = train_one_epoch(
[rank1]:                   ^^^^^^^^^^^^^^^^
[rank1]:   File "/home/work/tksong/AIVIS-DETECTION/AIVIS-Dome-DETR/src/solver/det_engine.py", line 59, in train_one_epoch
[rank1]:     for i, (samples, targets) in enumerate(
[rank1]:   File "/home/work/tksong/AIVIS-DETECTION/AIVIS-Dome-DETR/src/misc/logger.py", line 217, in log_every
[rank1]:     for obj in iterable:
[rank1]:   File "/home/work/miniconda3/envs/dome/lib/python3.11/site-packages/torch/utils/data/dataloader.py", line 725, in __next__
[rank1]:     data = self._next_data()
[rank1]:            ^^^^^^^^^^^^^^^^^
[rank1]:   File "/home/work/miniconda3/envs/dome/lib/python3.11/site-packages/torch/utils/data/dataloader.py", line 1529, in _next_data
[rank1]:     return self._process_data(data, worker_id)
[rank1]:            ^^^^^^^^^^^^^^^^^^^^^^^^^^^^^^^^^^^
[rank1]:   File "/home/work/miniconda3/envs/dome/lib/python3.11/site-packages/torch/utils/data/dataloader.py", line 1567, in _process_data
[rank1]:     data.reraise()
[rank1]:   File "/home/work/miniconda3/envs/dome/lib/python3.11/site-packages/torch/_utils.py", line 794, in reraise
[rank1]:     raise exception
[rank1]: KeyError: Caught KeyError in DataLoader worker process 0.
[rank1]: Original Traceback (most recent call last):
[rank1]:   File "/home/work/miniconda3/envs/dome/lib/python3.11/site-packages/torch/utils/data/_utils/worker.py", line 374, in _worker_loop
[rank1]:     data = fetcher.fetch(index)  # type: ignore[possibly-undefined]
[rank1]:            ^^^^^^^^^^^^^^^^^^^^
[rank1]:   File "/home/work/miniconda3/envs/dome/lib/python3.11/site-packages/torch/utils/data/_utils/fetch.py", line 54, in fetch
[rank1]:     data = [self.dataset[idx] for idx in possibly_batched_index]
[rank1]:            ^^^^^^^^^^^^^^^^^^^^^^^^^^^^^^^^^^^^^^^^^^^^^^^^^^^^^
[rank1]:   File "/home/work/miniconda3/envs/dome/lib/python3.11/site-packages/torch/utils/data/_utils/fetch.py", line 54, in <listcomp>
[rank1]:     data = [self.dataset[idx] for idx in possibly_batched_index]
[rank1]:             ~~~~~~~~~~~~^^^^^
[rank1]:   File "/home/work/tksong/AIVIS-DETECTION/AIVIS-Dome-DETR/src/data/dataset/multi_crop_wrapper.py", line 129, in __getitem__
[rank1]:     image, target = self.dataset.load_item(original_idx)
[rank1]:                     ^^^^^^^^^^^^^^^^^^^^^^^^^^^^^^^^^^^^
[rank1]:   File "/home/work/tksong/AIVIS-DETECTION/AIVIS-Dome-DETR/src/data/dataset/coco_dataset.py", line 62, in load_item
[rank1]:     image, target = self.prepare(image, target)
[rank1]:                     ^^^^^^^^^^^^^^^^^^^^^^^^^^^
[rank1]:   File "/home/work/tksong/AIVIS-DETECTION/AIVIS-Dome-DETR/src/data/dataset/coco_dataset.py", line 186, in __call__
[rank1]:     area = torch.tensor([obj["area"] for obj in anno])
[rank1]:                         ^^^^^^^^^^^^^^^^^^^^^^^^^^^^^
[rank1]:   File "/home/work/tksong/AIVIS-DETECTION/AIVIS-Dome-DETR/src/data/dataset/coco_dataset.py", line 186, in <listcomp>
[rank1]:     area = torch.tensor([obj["area"] for obj in anno])
[rank1]:                          ~~~^^^^^^^^
[rank1]: KeyError: 'area'

[Visualization] Saving train samples: epoch=0, batch=0, rank=0
  visualization_epoch_interval=1, should_save_epoch=True
  num_visualization_batches_per_gpu=1, should_save_batch=True
  visualization_save_rank0_only=False, should_save_rank=True
  output_dir=output/[combined]LSP-T_strict-local_H100x8_hf5class-ft_30ep
W0818 09:55:05.417000 3938778 site-packages/torch/distributed/elastic/agent/server/api.py:753] Received 15 death signal, shutting down workers
W0818 09:55:05.420000 3938778 site-packages/torch/distributed/elastic/multiprocessing/api.py:1028] Sending process 3938858 closing signal SIGTERM
W0818 09:55:05.423000 3938778 site-packages/torch/distributed/elastic/multiprocessing/api.py:1028] Sending process 3938859 closing signal SIGTERM
W0818 09:55:05.426000 3938778 site-packages/torch/distributed/elastic/multiprocessing/api.py:1028] Sending process 3938860 closing signal SIGTERM
W0818 09:55:05.427000 3938778 site-packages/torch/distributed/elastic/multiprocessing/api.py:1028] Sending process 3938861 closing signal SIGTERM
Traceback (most recent call last):
  File "<frozen runpy>", line 198, in _run_module_as_main
  File "<frozen runpy>", line 88, in _run_code
  File "/home/work/miniconda3/envs/dome/lib/python3.11/site-packages/torch/distributed/run.py", line 1032, in <module>
    main()
  File "/home/work/miniconda3/envs/dome/lib/python3.11/site-packages/torch/distributed/elastic/multiprocessing/errors/__init__.py", line 367, in wrapper
    return f(*args, **kwargs)
           ^^^^^^^^^^^^^^^^^^
  File "/home/work/miniconda3/envs/dome/lib/python3.11/site-packages/torch/distributed/run.py", line 1028, in main
    run(args)
  File "/home/work/miniconda3/envs/dome/lib/python3.11/site-packages/torch/distributed/run.py", line 1019, in run
    elastic_launch(
  File "/home/work/miniconda3/envs/dome/lib/python3.11/site-packages/torch/distributed/launcher/api.py", line 194, in __call__
    return launch_agent(
           ^^^^^^^^^^^^^
  File "/home/work/miniconda3/envs/dome/lib/python3.11/site-packages/torch/distributed/launcher/api.py", line 374, in launch_agent
    result = agent.run()
             ^^^^^^^^^^^
  File "/home/work/miniconda3/envs/dome/lib/python3.11/site-packages/torch/distributed/elastic/metrics/api.py", line 134, in wrapper
    result = f(*args, **kwargs)
             ^^^^^^^^^^^^^^^^^^
  File "/home/work/miniconda3/envs/dome/lib/python3.11/site-packages/torch/distributed/elastic/agent/server/api.py", line 745, in run
    result = self._invoke_run(role)
             ^^^^^^^^^^^^^^^^^^^^^^
  File "/home/work/miniconda3/envs/dome/lib/python3.11/site-packages/torch/distributed/elastic/agent/server/api.py", line 923, in _invoke_run
    time.sleep(monitor_interval)
  File "/home/work/miniconda3/envs/dome/lib/python3.11/site-packages/torch/distributed/elastic/multiprocessing/api.py", line 86, in _terminate_process_handler
    raise SignalException(f"Process {os.getpid()} got signal: {sigval}", sigval=sigval)
torch.distributed.elastic.multiprocessing.api.SignalException: Process 3938778 got signal: 15
